[load] 26.8s nodes=100000000 dim=128 | PQ m=16 sub_dim=8 | queries=20000 ef=200 K=100 T=32
[train] 200000 vectors x 16 subspaces, 25 iters in 3.3s
[encode] 100000000 nodes in 70.3s
[gate] PQ_FRAC=0.35 -> low-error threshold ||r||^2 < 9749.9
[trace] 20000 queries in 4.9s, mean 207.7 expansions/query

=== Top-1 frontier miss rate of one-step PQ speculation (from a validated beam) ===
# sanity = replayed exact argmin == node really expanded (must be ~100%)
# DELAY=1: candidates discovered in the last 1 step(s) are still PQ-only
# win_pq = P(true winner is still PQ-only) = P(winner's residency <= DELAY)
# mixed  = validated candidates exact, PQ-only ones PQ | all-PQ = every candidate PQ
# low%   = mixed, but only newest neighbors in the lowest-error 35% use PQ (rest exact)
# rnd%   = same, with a random 35% of nodes (control)
# PQ share of discovered neighbors: mixed 100% | low 37.1% | rnd 35.0%

steps       predictions    sanity    win_pq     mixed    all-PQ       low       rnd
0:30             580000  100.000%   56.942%   32.559%   66.468%   14.268%   13.820%
30:60            600000  100.000%   31.922%   25.740%   89.462%   10.374%    9.949%
60:90            600000  100.000%   27.182%   23.871%   93.887%    9.313%    9.214%
90:120           600000  100.000%   24.648%   22.828%   95.576%    8.811%    8.795%
120:150          600000  100.000%   22.691%   21.856%   96.435%    8.301%    8.417%
150:180          600000  100.000%   21.455%   21.402%   96.914%    8.018%    8.245%
180:210          533590  100.000%   21.085%   21.273%   97.064%    7.832%    8.204%
210:240           18379  100.000%   31.852%   26.280%   95.457%    5.506%   10.017%
240:270            1597  100.000%   27.426%   23.482%   96.055%    3.006%    9.205%
270:300             581  100.000%   27.022%   25.990%   97.074%    2.582%   11.360%
300+                332  100.000%   28.012%   24.398%   96.084%    3.916%    9.337%
all             4134479  100.000%   29.428%   24.234%   90.871%    9.543%    9.523%

=== Safe validation delay k* per step: largest k with delays 1..k all correct (cap 16) ===
# k*=0: even a 1-step delay misses here | >=k: share of steps where delay k needs no redo

steps           k*=0       >=1       >=2       >=4       >=8   mean k*
0:30          32.56%    67.44%    55.39%    44.12%    35.43%      6.25
30:60         25.74%    74.26%    62.56%    48.08%    32.66%      5.84
60:90         23.87%    76.13%    65.04%    50.91%    35.15%      6.21
90:120        22.83%    77.17%    66.32%    52.20%    36.13%      6.36
120:150       21.86%    78.14%    67.46%    53.26%    36.87%      6.48
150:180       21.40%    78.60%    68.06%    53.86%    37.21%      6.53
180:210       21.27%    78.73%    68.16%    53.92%    37.36%      6.55
210:240       26.28%    73.72%    61.23%    46.37%    31.36%      5.65
240:270       23.48%    76.52%    65.31%    52.10%    36.32%      6.30
270:300       25.99%    74.01%    61.45%    46.82%    26.16%      5.09
300+          24.40%    75.60%    65.66%    50.00%    29.22%      5.41
all           24.23%    75.77%    64.69%    50.87%    35.79%      6.31

=== Top-w coverage: P(true winner among the mixed heap's top w) (DELAY=1) ===
# speculating the top w candidates per step misses only if the winner ranks below w
# rejected = winner is PQ-only and PQ kept it out of the heap: no width recovers it

steps           w=1       w=2       w=3       w=4       w=6       w=8   rejected
0:30          67.44%    80.03%    84.55%    86.96%    89.77%    91.48%     0.14%
30:60         74.26%    83.89%    85.78%    86.48%    87.32%    87.95%     1.22%
60:90         76.13%    85.73%    87.38%    87.81%    88.22%    88.54%     3.20%
90:120        77.17%    86.84%    88.34%    88.70%    88.97%    89.18%     5.28%
120:150       78.14%    87.79%    89.23%    89.53%    89.73%    89.86%     6.91%
150:180       78.60%    88.28%    89.67%    89.95%    90.11%    90.22%     8.23%
180:210       78.73%    88.44%    89.83%    90.09%    90.22%    90.30%     9.39%
210:240       73.72%    83.51%    84.99%    85.34%    85.54%    85.62%    13.97%
240:270       76.52%    85.10%    86.54%    86.98%    87.29%    87.35%    11.21%
270:300       74.01%    83.65%    85.20%    86.06%    86.57%    86.57%    11.88%
300+          75.60%    87.05%    87.95%    88.25%    88.55%    88.55%    11.14%
all           75.77%    85.83%    87.80%    88.47%    89.16%    89.61%     4.91%

=== Validation schedules on the exact trajectory (K=100) ===
# reads/q    = exact vector reads per query (traversal + final top-K certification)
# read_steps = share of steps issuing >= 1 read; a step with none has no validation latency
# step_miss  = share of steps whose pick differs from the exact search's next node
# top-K      = share of the exact search's top-K the schedule returns

schedule                   reads/q   (final)   %exact  read_steps  step_miss    top-K
exact                       4176.9       0.0   100.0%      99.98%      0.00%  100.00%
eager (M15) d=0.10          1073.3       0.0    25.7%      78.42%      5.93%  100.00%
lazy d=0.10 a=0.00           281.1       0.0     6.7%      89.53%     60.80%  100.00%
lazy d=0.10 a=0.05           373.0       0.0     8.9%      90.03%     43.29%  100.00%
lazy d=0.10 a=0.10           539.8       0.0    12.9%      92.13%     26.06%  100.00%
lazy d=0.10 a=0.15           682.7       0.0    16.3%      92.14%     14.87%  100.00%
lazy d=0.10 a=0.20           789.0       0.0    18.9%      90.68%      9.91%  100.00%
lazy d=0.10 a=0.30           936.2       0.0    22.4%      86.94%      7.21%  100.00%
