[load] 26.8s nodes=100000000 dim=128 | PQ m=16 sub_dim=8 code=16B | queries=20000 ef=200 K=100 T=32
[train] 200000 vectors x 16 subspaces, 25 iters in 3.2s
[encode] 100000000 nodes in 66.0s

[offline] 20000 queries traced in 3.7s

=== OFFLINE: margin as a detector (exact trajectory, live-threshold decisions only) ===
# fire   = share of decisions demanding an exact fetch (the gate's cost)
# flip   = share of admission flips the predicate would catch and correct
# gt_frej= share of FALSELY REJECTED TRUE top-100 neighbors caught (the recall leak)

         | one-sided  d_pq<t(1+d)       | band  |d_pq-t|<d*t          
delta        fire%     flip%  gt_frej% |     fire%     flip%  gt_frej%
0.02        14.47%    54.74%    21.70% |     2.75%    24.02%    21.70%
0.05        16.89%    68.16%    45.41% |     6.91%    51.45%    45.41%
0.10        21.59%    83.33%    68.20% |    13.94%    78.31%    68.20%
0.15        27.05%    91.35%    78.97% |    21.15%    90.15%    78.97%
0.20        33.12%    95.09%    84.23% |    28.53%    94.86%    84.23%
0.30        46.09%    97.58%    89.22% |    43.22%    97.58%    89.22%
0.50        68.58%    98.73%    93.70% |    67.44%    98.73%    93.70%

=== ONLINE: all-PQ traversal + margin-gated exact fetch (20000 queries) ===
# vec_reads/q = traversal vector reads + final rerank = the remote fetches to beat
# baseline to beat: all-PQ+rerank (M11) -- anything at higher recall AND lower reads wins

RESULT exact ef=200               recall@100=0.8655  vec_reads/q=  4195.3 (100.0% of exact)  pq/q=0 total_dists/q=4195  0.9s
RESULT exact ef=150               recall@100=0.8242  vec_reads/q=  3269.0 ( 77.9% of exact)  pq/q=0 total_dists/q=3269  0.7s
RESULT exact ef=125               recall@100=0.7946  vec_reads/q=  2798.7 ( 66.7% of exact)  pq/q=0 total_dists/q=2799  0.6s
RESULT exact ef=100               recall@100=0.7545  vec_reads/q=  2323.1 ( 55.4% of exact)  pq/q=0 total_dists/q=2323  0.5s
RESULT all-PQ ef=200              recall@100=0.6792  vec_reads/q=   200.0 (  4.8% of exact)  pq/q=4203 total_dists/q=4203  0.7s
RESULT margin one-sided d=0.02    recall@100=0.8217  vec_reads/q=  1011.7 ( 24.1% of exact)  pq/q=3369 total_dists/q=4181  0.8s
RESULT margin one-sided d=0.05    recall@100=0.8344  vec_reads/q=  1100.6 ( 26.2% of exact)  pq/q=3285 total_dists/q=4185  0.8s
RESULT margin one-sided d=0.10    recall@100=0.8475  vec_reads/q=  1277.7 ( 30.5% of exact)  pq/q=3114 total_dists/q=4192  0.8s
RESULT margin one-sided d=0.15    recall@100=0.8541  vec_reads/q=  1489.1 ( 35.5% of exact)  pq/q=2907 total_dists/q=4196  0.9s
RESULT margin one-sided d=0.20    recall@100=0.8573  vec_reads/q=  1727.9 ( 41.2% of exact)  pq/q=2671 total_dists/q=4198  0.9s
RESULT margin one-sided d=0.30    recall@100=0.8602  vec_reads/q=  2243.2 ( 53.5% of exact)  pq/q=2156 total_dists/q=4199  1.0s
RESULT margin one-sided d=0.50    recall@100=0.8624  vec_reads/q=  3140.7 ( 74.9% of exact)  pq/q=1257 total_dists/q=4198  1.0s
RESULT margin band d=0.02         recall@100=0.7030  vec_reads/q=   516.4 ( 12.3% of exact)  pq/q=3876 total_dists/q=4192  0.7s
RESULT margin band d=0.05         recall@100=0.7337  vec_reads/q=   686.4 ( 16.4% of exact)  pq/q=3707 total_dists/q=4193  0.8s
RESULT margin band d=0.10         recall@100=0.7734  vec_reads/q=   972.8 ( 23.2% of exact)  pq/q=3424 total_dists/q=4197  0.8s
RESULT margin band d=0.15         recall@100=0.7974  vec_reads/q=  1267.6 ( 30.2% of exact)  pq/q=3135 total_dists/q=4203  0.8s
RESULT margin band d=0.20         recall@100=0.8123  vec_reads/q=  1565.7 ( 37.3% of exact)  pq/q=2841 total_dists/q=4206  0.9s
RESULT margin band d=0.30         recall@100=0.8298  vec_reads/q=  2150.3 ( 51.3% of exact)  pq/q=2256 total_dists/q=4207  0.9s
RESULT margin band d=0.50         recall@100=0.8466  vec_reads/q=  3107.8 ( 74.1% of exact)  pq/q=1295 total_dists/q=4203  1.0s
