[load] 26.8s nodes=100000000 dim=128 | PQ m=16 sub_dim=8 | queries=20000 ef=200 K=100 T=32
[train] 200000 vectors x 16 subspaces, 25 iters in 3.2s
[encode] 100000000 nodes in 70.4s
[gate] PQ_FRAC=0.25 -> low-error threshold ||r||^2 < 8745.1
[trace] 20000 queries in 5.0s, mean 207.7 expansions/query

=== Top-1 frontier miss rate of one-step PQ speculation (from a validated beam) ===
# sanity = replayed exact argmin == node really expanded (must be ~100%)
# DELAY=4: candidates discovered in the last 4 step(s) are still PQ-only
# win_pq = P(true winner is still PQ-only) = P(winner's residency <= DELAY)
# mixed  = validated candidates exact, PQ-only ones PQ | all-PQ = every candidate PQ
# low%   = mixed, but only newest neighbors in the lowest-error 25% use PQ (rest exact)
# rnd%   = same, with a random 25% of nodes (control)
# PQ share of discovered neighbors: mixed 100% | low 26.2% | rnd 25.0%

steps       predictions    sanity    win_pq     mixed    all-PQ       low       rnd
0:30             580000  100.000%   80.202%   53.971%   66.469%   19.062%   19.963%
30:60            600000  100.000%   45.713%   51.212%   89.466%   16.767%   17.682%
60:90            600000  100.000%   36.647%   48.632%   93.897%   15.477%   16.686%
90:120           600000  100.000%   32.110%   47.445%   95.587%   14.953%   16.288%
120:150          600000  100.000%   28.961%   46.440%   96.451%   14.382%   15.797%
150:180          600000  100.000%   26.840%   45.897%   96.931%   14.121%   15.579%
180:210          533590  100.000%   26.361%   45.855%   97.084%   13.723%   15.591%
210:240           18379  100.000%   45.318%   52.995%   95.528%    8.466%   17.874%
240:270            1597  100.000%   36.506%   47.652%   96.055%    4.008%   16.594%
270:300             581  100.000%   34.423%   52.668%   97.074%    2.410%   19.793%
300+                332  100.000%   35.843%   49.398%   96.084%    4.518%   14.458%
all             4134479  100.000%   39.586%   48.529%   90.883%   15.471%   16.807%

=== Safe validation delay k* per step: largest k with delays 1..k all correct (cap 16) ===
# k*=0: even a 1-step delay misses here | >=k: share of steps where delay k needs no redo

steps           k*=0       >=1       >=2       >=4       >=8   mean k*
0:30          32.56%    67.44%    55.39%    44.12%    35.43%      6.25
30:60         25.74%    74.26%    62.56%    48.08%    32.66%      5.84
60:90         23.87%    76.13%    65.04%    50.91%    35.15%      6.21
90:120        22.83%    77.17%    66.32%    52.20%    36.13%      6.36
120:150       21.86%    78.14%    67.46%    53.26%    36.87%      6.48
150:180       21.40%    78.60%    68.06%    53.86%    37.21%      6.53
180:210       21.27%    78.73%    68.16%    53.92%    37.36%      6.55
210:240       26.28%    73.72%    61.23%    46.37%    31.36%      5.65
240:270       23.48%    76.52%    65.31%    52.10%    36.32%      6.30
270:300       25.99%    74.01%    61.45%    46.82%    26.16%      5.09
300+          24.40%    75.60%    65.66%    50.00%    29.22%      5.41
all           24.23%    75.77%    64.69%    50.87%    35.79%      6.31

=== Top-w coverage: P(true winner among the mixed heap's top w) (DELAY=4) ===
# speculating the top w candidates per step misses only if the winner ranks below w
# rejected = winner is PQ-only and PQ kept it out of the heap: no width recovers it

steps           w=1       w=2       w=3       w=4       w=6       w=8       w=16  rejected
0:30          46.03%    63.01%    71.44%    76.28%    81.65%    84.80%    91.06%     0.21%
30:60         48.78%    67.06%    74.29%    77.33%    79.69%    80.89%    84.12%     1.84%
60:90         51.37%    70.83%    78.27%    81.05%    82.74%    83.36%    84.94%     4.66%
90:120        52.55%    72.78%    80.34%    83.08%    84.57%    85.01%    86.00%     7.33%
120:150       53.56%    74.37%    81.93%    84.58%    85.97%    86.32%    87.00%     9.33%
150:180       54.10%    75.30%    82.95%    85.55%    86.83%    87.11%    87.67%    10.79%
180:210       54.14%    75.56%    83.25%    85.80%    87.04%    87.29%    87.60%    12.24%
210:240       47.00%    66.62%    73.82%    76.41%    77.65%    77.91%    78.22%    21.38%
240:270       52.35%    70.07%    77.58%    79.77%    81.34%    81.65%    82.78%    16.09%
270:300       47.33%    68.67%    77.11%    79.86%    81.24%    81.58%    82.27%    16.35%
300+          50.60%    75.60%    82.23%    83.13%    84.04%    84.34%    84.34%    15.06%
all           51.47%    71.22%    78.87%    81.89%    84.00%    84.90%    86.84%     6.64%

=== Validation schedules on the exact trajectory (K=100) ===
# reads/q    = exact vector reads per query (traversal + final top-K certification)
# read_steps = share of steps issuing >= 1 read; a step with none has no validation latency
# step_miss  = share of steps whose pick differs from the exact search's next node
# top-K      = share of the exact search's top-K the schedule returns

schedule                   reads/q   (final)   %exact  read_steps  step_miss    top-K
exact                       4176.9       0.0   100.0%      99.98%      0.00%  100.00%
eager (M15) d=0.10          1073.3       0.0    25.7%      78.42%      5.93%  100.00%
lazy d=0.10 a=0.00           281.1       0.0     6.7%      89.53%     60.80%  100.00%
lazy d=0.10 a=0.05           373.0       0.0     8.9%      90.03%     43.29%  100.00%
lazy d=0.10 a=0.10           539.8       0.0    12.9%      92.13%     26.06%  100.00%
lazy d=0.10 a=0.15           682.7       0.0    16.3%      92.14%     14.87%  100.00%
lazy d=0.10 a=0.20           789.0       0.0    18.9%      90.68%      9.91%  100.00%
lazy d=0.10 a=0.30           936.2       0.0    22.4%      86.94%      7.21%  100.00%
