[load] 27.0s nodes=100000000 dim=128 | PQ m=16 sub_dim=8 | queries=20000 ef=200 K=100 T=32
[train] 200000 vectors x 16 subspaces, 25 iters in 3.2s
[encode] 100000000 nodes in 70.1s
[gate] PQ_FRAC=0.25 -> low-error threshold ||r||^2 < 8745.1
[trace] 20000 queries in 4.9s, mean 207.7 expansions/query

=== Top-1 frontier miss rate of one-step PQ speculation (from a validated beam) ===
# sanity = replayed exact argmin == node really expanded (must be ~100%)
# DELAY=2: candidates discovered in the last 2 step(s) are still PQ-only
# win_pq = P(true winner is still PQ-only) = P(winner's residency <= DELAY)
# mixed  = validated candidates exact, PQ-only ones PQ | all-PQ = every candidate PQ
# low%   = mixed, but only newest neighbors in the lowest-error 25% use PQ (rest exact)
# rnd%   = same, with a random 25% of nodes (control)
# PQ share of discovered neighbors: mixed 100% | low 26.2% | rnd 25.0%

steps       predictions    sanity    win_pq     mixed    all-PQ       low       rnd
0:30             580000  100.000%   69.595%   43.712%   66.469%   14.679%   14.611%
30:60            600000  100.000%   39.068%   37.124%   89.465%   11.261%   11.248%
60:90            600000  100.000%   32.447%   34.743%   93.891%   10.172%   10.506%
90:120           600000  100.000%   28.985%   33.504%   95.581%    9.709%   10.122%
120:150          600000  100.000%   26.466%   32.389%   96.440%    9.197%    9.728%
150:180          600000  100.000%   24.773%   31.808%   96.919%    8.975%    9.561%
180:210          533590  100.000%   24.365%   31.720%   97.070%    8.698%    9.546%
210:240           18379  100.000%   39.213%   38.446%   95.468%    5.376%   11.475%
240:270            1597  100.000%   32.999%   34.690%   96.055%    2.317%   10.708%
270:300             581  100.000%   32.014%   38.382%   97.074%    2.065%   12.565%
300+                332  100.000%   33.133%   33.735%   96.084%    2.410%    8.735%
all             4134479  100.000%   35.122%   35.026%   90.875%   10.363%   10.764%

=== Safe validation delay k* per step: largest k with delays 1..k all correct (cap 16) ===
# k*=0: even a 1-step delay misses here | >=k: share of steps where delay k needs no redo

steps           k*=0       >=1       >=2       >=4       >=8   mean k*
0:30          32.56%    67.44%    55.39%    44.12%    35.43%      6.25
30:60         25.74%    74.26%    62.56%    48.08%    32.66%      5.84
60:90         23.87%    76.13%    65.04%    50.91%    35.15%      6.21
90:120        22.83%    77.17%    66.32%    52.20%    36.13%      6.36
120:150       21.86%    78.14%    67.46%    53.26%    36.87%      6.48
150:180       21.40%    78.60%    68.06%    53.86%    37.21%      6.53
180:210       21.27%    78.73%    68.16%    53.92%    37.36%      6.55
210:240       26.28%    73.72%    61.23%    46.37%    31.36%      5.65
240:270       23.48%    76.52%    65.31%    52.10%    36.32%      6.30
270:300       25.99%    74.01%    61.45%    46.82%    26.16%      5.09
300+          24.40%    75.60%    65.66%    50.00%    29.22%      5.41
all           24.23%    75.77%    64.69%    50.87%    35.79%      6.31

=== Top-w coverage: P(true winner among the mixed heap's top w) (DELAY=2) ===
# speculating the top w candidates per step misses only if the winner ranks below w
# rejected = winner is PQ-only and PQ kept it out of the heap: no width recovers it

steps           w=1       w=2       w=3       w=4       w=6       w=8       w=16  rejected
0:30          56.29%    72.12%    78.61%    82.09%    86.03%    88.38%    93.08%     0.17%
30:60         62.87%    77.30%    81.11%    82.47%    83.71%    84.55%    87.12%     1.54%
60:90         65.26%    80.05%    83.70%    84.72%    85.42%    85.83%    87.15%     3.97%
90:120        66.50%    81.63%    85.17%    86.11%    86.62%    86.89%    87.72%     6.41%
120:150       67.61%    82.92%    86.38%    87.23%    87.66%    87.85%    88.43%     8.30%
150:180       68.19%    83.65%    87.05%    87.87%    88.24%    88.39%    88.84%     9.77%
180:210       68.28%    83.86%    87.28%    88.06%    88.40%    88.51%    88.75%    11.11%
210:240       61.55%    76.58%    80.13%    80.94%    81.37%    81.47%    81.67%    17.97%
240:270       65.31%    78.96%    82.40%    83.34%    83.91%    84.10%    84.78%    14.21%
270:300       61.62%    77.45%    80.38%    82.10%    82.79%    82.96%    83.30%    15.32%
300+          66.27%    83.43%    85.54%    86.14%    86.45%    86.45%    86.45%    12.95%
all           64.97%    80.18%    84.14%    85.46%    86.53%    87.15%    88.67%     5.90%

=== Validation schedules on the exact trajectory (K=100) ===
# reads/q    = exact vector reads per query (traversal + final top-K certification)
# read_steps = share of steps issuing >= 1 read; a step with none has no validation latency
# step_miss  = share of steps whose pick differs from the exact search's next node
# top-K      = share of the exact search's top-K the schedule returns

schedule                   reads/q   (final)   %exact  read_steps  step_miss    top-K
exact                       4176.9       0.0   100.0%      99.98%      0.00%  100.00%
eager (M15) d=0.10          1073.3       0.0    25.7%      78.42%      5.93%  100.00%
lazy d=0.10 a=0.00           281.1       0.0     6.7%      89.53%     60.80%  100.00%
lazy d=0.10 a=0.05           373.0       0.0     8.9%      90.03%     43.29%  100.00%
lazy d=0.10 a=0.10           539.8       0.0    12.9%      92.13%     26.06%  100.00%
lazy d=0.10 a=0.15           682.7       0.0    16.3%      92.14%     14.87%  100.00%
lazy d=0.10 a=0.20           789.0       0.0    18.9%      90.68%      9.91%  100.00%
lazy d=0.10 a=0.30           936.2       0.0    22.4%      86.94%      7.21%  100.00%
